2026-07-10 16:31:18,637 - INFO - Log history cleared successfully.
2026-07-10 16:34:52,946 - INFO - Revealed watched folder in Explorer: F:/_DummyNAS/test_watch
2026-07-10 16:35:07,257 - INFO - Folder Deletions Detected: F:\_DummyNAS\test_watch\Drone MySHots
2026-07-10 16:35:07,257 - INFO -   -> Deleted 15 media file(s)
2026-07-10 16:35:07,257 - INFO -   - DELETED VIDEO: DJI_20260224141047_0001_D.MP4
2026-07-10 16:35:07,259 - INFO -   - DELETED VIDEO: DJI_20260224141102_0002_D.MP4
2026-07-10 16:35:07,262 - INFO -   - DELETED VIDEO: DJI_20260224141205_0003_D.MP4
2026-07-10 16:35:07,262 - INFO -   - DELETED VIDEO: DJI_20260224141219_0004_D.MP4
2026-07-10 16:35:07,264 - INFO -   - DELETED VIDEO: DJI_20260224141345_0005_D.MP4
2026-07-10 16:35:07,266 - INFO -   - DELETED VIDEO: DJI_20260224141535_0006_D.MP4
2026-07-10 16:35:07,269 - INFO -   - DELETED VIDEO: DJI_20260224141715_0007_D.MP4
2026-07-10 16:35:07,271 - INFO -   - DELETED VIDEO: DJI_20260224141837_0008_D.MP4
2026-07-10 16:35:07,272 - INFO -   - DELETED VIDEO: DJI_20260224141859_0009_D.MP4
2026-07-10 16:35:07,274 - INFO -   - DELETED VIDEO: DJI_20260224142135_0010_D.MP4
2026-07-10 16:35:07,276 - INFO -   - DELETED VIDEO: DJI_20260224142353_0011_D.MP4
2026-07-10 16:35:07,278 - INFO -   - DELETED VIDEO: DJI_20260224142605_0012_D.MP4
2026-07-10 16:35:07,280 - INFO -   - DELETED VIDEO: DJI_20260224143008_0013_D.MP4
2026-07-10 16:35:07,283 - INFO -   - DELETED VIDEO: DJI_20260225102241_0014_D.MP4
2026-07-10 16:35:07,284 - INFO -   - DELETED VIDEO: DJI_20260225102612_0015_D.MP4
2026-07-10 16:35:07,287 - INFO -   -> Deleted 15 other file(s)
2026-07-10 16:35:07,289 - INFO -   - DELETED .SRT: DJI_20260224141047_0001_D.SRT
2026-07-10 16:35:07,292 - INFO -   - DELETED .SRT: DJI_20260224141102_0002_D.SRT
2026-07-10 16:35:07,294 - INFO -   - DELETED .SRT: DJI_20260224141205_0003_D.SRT
2026-07-10 16:35:07,297 - INFO -   - DELETED .SRT: DJI_20260224141219_0004_D.SRT
2026-07-10 16:35:07,301 - INFO -   - DELETED .SRT: DJI_20260224141345_0005_D.SRT
2026-07-10 16:35:07,306 - INFO -   - DELETED .SRT: DJI_20260224141535_0006_D.SRT
2026-07-10 16:35:07,309 - INFO -   - DELETED .SRT: DJI_20260224141715_0007_D.SRT
2026-07-10 16:35:07,312 - INFO -   - DELETED .SRT: DJI_20260224141837_0008_D.SRT
2026-07-10 16:35:07,316 - INFO -   - DELETED .SRT: DJI_20260224141859_0009_D.SRT
2026-07-10 16:35:07,319 - INFO -   - DELETED .SRT: DJI_20260224142135_0010_D.SRT
2026-07-10 16:35:07,323 - INFO -   - DELETED .SRT: DJI_20260224142353_0011_D.SRT
2026-07-10 16:35:07,326 - INFO -   - DELETED .SRT: DJI_20260224142605_0012_D.SRT
2026-07-10 16:35:07,329 - INFO -   - DELETED .SRT: DJI_20260224143008_0013_D.SRT
2026-07-10 16:35:07,333 - INFO -   - DELETED .SRT: DJI_20260225102241_0014_D.SRT
2026-07-10 16:35:07,339 - INFO -   - DELETED .SRT: DJI_20260225102612_0015_D.SRT
2026-07-10 16:35:07,342 - INFO - Folder Deletions Detected: F:\_DummyNAS\test_watch
2026-07-10 16:35:07,345 - INFO -   -> Deleted 1 other file(s)
2026-07-10 16:35:07,347 - INFO -   - DELETED : Drone MySHots
2026-07-10 16:43:14,822 - INFO - Restored previous session. Watch Folder: F:/_DummyNAS/test_watch
2026-07-10 16:43:14,832 - INFO - Starting to monitor folder: F:/_DummyNAS/test_watch
2026-07-10 16:43:21,417 - INFO - Revealed watched folder in Explorer: F:/_DummyNAS/test_watch
2026-07-10 16:43:41,459 - INFO - Watch Folder Changed: D:/zzNew_Watch_Folder
2026-07-10 16:43:41,459 - INFO - Relaunching application...
2026-07-10 16:43:41,583 - INFO - Restored previous session. Watch Folder: D:/zzNew_Watch_Folder
2026-07-10 16:43:41,592 - INFO - Starting to monitor folder: D:/zzNew_Watch_Folder
2026-07-10 16:43:43,611 - INFO - Revealed watched folder in Explorer: D:/zzNew_Watch_Folder
2026-07-10 16:44:03,976 - INFO - Activity detected. Debouncing...
2026-07-10 16:44:03,978 - INFO - Activity detected. Debouncing...
2026-07-10 16:44:14,097 - INFO -   -> Found 1 new subfolder(s)
2026-07-10 16:44:14,097 - INFO -   - NEW FOLDER: MY RE Test Fedotow
2026-07-10 16:44:14,607 - INFO - Media Batch Detected: D:\zzNew_Watch_Folder\MY RE Test Fedotow
2026-07-10 16:44:14,608 - INFO -   -> Found 42 new media file(s)
2026-07-10 16:44:14,610 - INFO -   - NEW PHOTO: PHX_0182.JPG (11163191 bytes)
2026-07-10 16:44:14,614 - INFO -   - NEW PHOTO: PHX_0182.NEF (27637940 bytes)
2026-07-10 16:44:14,617 - INFO -   - NEW PHOTO: PHX_0183.JPG (11283087 bytes)
2026-07-10 16:44:14,619 - INFO -   - NEW PHOTO: PHX_0183.NEF (27812783 bytes)
2026-07-10 16:44:14,621 - INFO -   - NEW PHOTO: PHX_0184.JPG (11250899 bytes)
2026-07-10 16:44:14,623 - INFO -   - NEW PHOTO: PHX_0184.NEF (27695096 bytes)
2026-07-10 16:44:14,627 - INFO -   - NEW PHOTO: PHX_0185.JPG (10567612 bytes)
2026-07-10 16:44:14,631 - INFO -   - NEW PHOTO: PHX_0185.NEF (27293751 bytes)
2026-07-10 16:44:14,634 - INFO -   - NEW PHOTO: PHX_0186.JPG (10410952 bytes)
2026-07-10 16:44:14,638 - INFO -   - NEW PHOTO: PHX_0186.NEF (27413805 bytes)
2026-07-10 16:44:14,641 - INFO -   - NEW PHOTO: PHX_0187.JPG (11327955 bytes)
2026-07-10 16:44:14,643 - INFO -   - NEW PHOTO: PHX_0187.NEF (27612330 bytes)
2026-07-10 16:44:14,647 - INFO -   - NEW PHOTO: PHX_0188.JPG (11226547 bytes)
2026-07-10 16:44:14,649 - INFO -   - NEW PHOTO: PHX_0188.NEF (27542146 bytes)
2026-07-10 16:44:14,651 - INFO -   - NEW PHOTO: PHX_0189.JPG (11256112 bytes)
2026-07-10 16:44:14,653 - INFO -   - NEW PHOTO: PHX_0189.NEF (27583496 bytes)
2026-07-10 16:44:14,657 - INFO -   - NEW PHOTO: PHX_0190.JPG (11208576 bytes)
2026-07-10 16:44:14,661 - INFO -   - NEW PHOTO: PHX_0190.NEF (27551229 bytes)
2026-07-10 16:44:14,666 - INFO -   - NEW PHOTO: PHX_0191.JPG (9921944 bytes)
2026-07-10 16:44:14,668 - INFO -   - NEW PHOTO: PHX_0191.NEF (27535397 bytes)
2026-07-10 16:44:14,673 - INFO -   - NEW PHOTO: PHX_0192.JPG (9331172 bytes)
2026-07-10 16:44:14,675 - INFO -   - NEW PHOTO: PHX_0192.NEF (27212417 bytes)
2026-07-10 16:44:14,679 - INFO -   - NEW PHOTO: PHX_0193.JPG (9518042 bytes)
2026-07-10 16:44:14,682 - INFO -   - NEW PHOTO: PHX_0193.NEF (27162922 bytes)
2026-07-10 16:44:14,684 - INFO -   - NEW PHOTO: PHX_0194.JPG (10823771 bytes)
2026-07-10 16:44:14,686 - INFO -   - NEW PHOTO: PHX_0194.NEF (28046687 bytes)
2026-07-10 16:44:14,691 - INFO -   - NEW PHOTO: PHX_0195.JPG (10809941 bytes)
2026-07-10 16:44:14,695 - INFO -   - NEW PHOTO: PHX_0195.NEF (27783850 bytes)
2026-07-10 16:44:14,697 - INFO -   - NEW PHOTO: PHX_0196.JPG (10398541 bytes)
2026-07-10 16:44:14,700 - INFO -   - NEW PHOTO: PHX_0196.NEF (27493486 bytes)
2026-07-10 16:44:14,702 - INFO -   - NEW PHOTO: PHX_0197.JPG (10458188 bytes)
2026-07-10 16:44:14,704 - INFO -   - NEW PHOTO: PHX_0197.NEF (27771857 bytes)
2026-07-10 16:44:14,707 - INFO -   - NEW PHOTO: PHX_0198.JPG (10023262 bytes)
2026-07-10 16:44:14,711 - INFO -   - NEW PHOTO: PHX_0198.NEF (26737732 bytes)
2026-07-10 16:44:14,713 - INFO -   - NEW PHOTO: PHX_0199.JPG (11726453 bytes)
2026-07-10 16:44:14,715 - INFO -   - NEW PHOTO: PHX_0199.NEF (27436401 bytes)
2026-07-10 16:44:14,718 - INFO -   - NEW PHOTO: PHX_0200.JPG (7790160 bytes)
2026-07-10 16:44:14,722 - INFO -   - NEW PHOTO: PHX_0200.NEF (14755252 bytes)
2026-07-10 16:44:14,726 - INFO -   - NEW PHOTO: PHX_0201.JPG (7769887 bytes)
2026-07-10 16:44:14,728 - INFO -   - NEW PHOTO: PHX_0201.NEF (14890392 bytes)
2026-07-10 16:44:14,733 - INFO -   - NEW PHOTO: PHX_0202.JPG (7735328 bytes)
2026-07-10 16:44:14,738 - INFO -   - NEW PHOTO: PHX_0202.NEF (15090835 bytes)
2026-07-10 16:44:41,844 - INFO - Activity detected. Debouncing...
2026-07-10 16:44:41,850 - INFO - Activity detected. Debouncing...
2026-07-10 16:44:52,264 - INFO -   -> Found 1 new subfolder(s)
2026-07-10 16:44:52,916 - INFO -   - NEW FOLDER: __From DJI NEO to backup
2026-07-10 16:45:15,191 - INFO - Batch Detected: D:\zzNew_Watch_Folder\__From DJI NEO to backup
2026-07-10 16:45:15,192 - INFO -   -> Found 46 new media file(s)
2026-07-10 16:45:15,197 - INFO -   - NEW PHOTO: DJI_20241021183956_0007_D.JPG (4485120 bytes)
2026-07-10 16:45:15,202 - INFO -   - NEW PHOTO: DJI_20241021184000_0008_D.JPG (4558848 bytes)
2026-07-10 16:45:15,207 - INFO -   - NEW VIDEO: DJI_20241021184007_0009_D.MP4 (65520605 bytes)
2026-07-10 16:45:15,212 - INFO -   - NEW VIDEO: DJI_20241021184817_0010_D.MP4 (610467170 bytes)
2026-07-10 16:45:15,217 - INFO -   - NEW VIDEO: DJI_20241022175323_0011_D.MP4 (246772364 bytes)
2026-07-10 16:45:15,222 - INFO -   - NEW VIDEO: DJI_20241023192256_0012_D.MP4 (284028452 bytes)
2026-07-10 16:45:15,227 - INFO -   - NEW VIDEO: DJI_20241031154259_0013_D.MP4 (6636326 bytes)
2026-07-10 16:45:15,234 - INFO -   - NEW PHOTO: DJI_20241031154930_0014_D.JPG (4440064 bytes)
2026-07-10 16:45:15,239 - INFO -   - NEW PHOTO: DJI_20241031154948_0015_D.JPG (4771840 bytes)
2026-07-10 16:45:15,244 - INFO -   - NEW VIDEO: DJI_20241031155619_0016_D.MP4 (202555573 bytes)
2026-07-10 16:45:15,249 - INFO -   - NEW VIDEO: DJI_20241101145911_0017_D.MP4 (296073137 bytes)
2026-07-10 16:45:15,253 - INFO -   - NEW VIDEO: DJI_20241101150718_0018_D.MP4 (378423840 bytes)
2026-07-10 16:45:15,258 - INFO -   - NEW VIDEO: DJI_20241101150846_0019_D.MP4 (101118577 bytes)
2026-07-10 16:45:15,263 - INFO -   - NEW VIDEO: DJI_20241101172608_0020_D.MP4 (357936735 bytes)
2026-07-10 16:45:15,268 - INFO -   - NEW VIDEO: DJI_20250123190451_0021_D.MP4 (213682813 bytes)
2026-07-10 16:45:15,275 - INFO -   - NEW VIDEO: DJI_20250204085840_0022_D.MP4 (165898905 bytes)
2026-07-10 16:45:15,280 - INFO -   - NEW VIDEO: DJI_20250204085946_0023_D.MP4 (189827483 bytes)
2026-07-10 16:45:15,285 - INFO -   - NEW VIDEO: DJI_20250204130943_0024_D.MP4 (181208305 bytes)
2026-07-10 16:45:15,290 - INFO -   - NEW VIDEO: DJI_20250204131013_0025_D.MP4 (174176321 bytes)
2026-07-10 16:45:15,297 - INFO -   - NEW VIDEO: DJI_20250204131113_0026_D.MP4 (76447122 bytes)
2026-07-10 16:45:15,302 - INFO -   - NEW VIDEO: DJI_20250204131124_0027_D.MP4 (83774016 bytes)
2026-07-10 16:45:15,310 - INFO -   - NEW VIDEO: DJI_20250205053922_0028_D.MP4 (94374297 bytes)
2026-07-10 16:45:15,315 - INFO -   - NEW VIDEO: DJI_20250205053936_0029_D.MP4 (72120878 bytes)
2026-07-10 16:45:15,322 - INFO -   - NEW VIDEO: DJI_20250205083258_0030_D.MP4 (184961267 bytes)
2026-07-10 16:45:15,326 - INFO -   - NEW VIDEO: DJI_20250205083442_0031_D.MP4 (425627562 bytes)
2026-07-10 16:45:15,332 - INFO -   - NEW VIDEO: DJI_20250205083628_0032_D.MP4 (188902310 bytes)
2026-07-10 16:45:15,339 - INFO -   - NEW VIDEO: DJI_20250205083753_0033_D.MP4 (185149350 bytes)
2026-07-10 16:45:15,344 - INFO -   - NEW VIDEO: DJI_20250205084016_0034_D.MP4 (564916259 bytes)
2026-07-10 16:45:15,349 - INFO -   - NEW VIDEO: DJI_20250205084211_0035_D.MP4 (187272786 bytes)
2026-07-10 16:45:15,354 - INFO -   - NEW VIDEO: DJI_20250205084334_0036_D.MP4 (1225517325 bytes)
2026-07-10 16:45:15,362 - INFO -   - NEW VIDEO: DJI_20250206102708_0040_D.MP4 (184892999 bytes)
2026-07-10 16:45:15,412 - INFO -   - NEW VIDEO: DJI_20250207133012_0041_D.MP4 (65235459 bytes)
2026-07-10 16:45:15,417 - INFO -   - NEW VIDEO: DJI_20250208073042_0042_D.MP4 (89486994 bytes)
2026-07-10 16:45:15,424 - INFO -   - NEW PHOTO: DJI_20250222105418_0043_D.JPG (5062656 bytes)
2026-07-10 16:45:15,429 - INFO -   - NEW VIDEO: DJI_20250222110646_0044_D.MP4 (53095570 bytes)
2026-07-10 16:45:15,436 - INFO -   - NEW VIDEO: DJI_20250224083404_0045_D.MP4 (46922981 bytes)
2026-07-10 16:45:15,440 - INFO -   - NEW VIDEO: DJI_20250224083443_0046_D.MP4 (250647864 bytes)
2026-07-10 16:45:15,445 - INFO -   - NEW VIDEO: DJI_20250224160624_0047_D.MP4 (325862752 bytes)
2026-07-10 16:45:15,450 - INFO -   - NEW VIDEO: DJI_20250224161401_0048_D.MP4 (694578164 bytes)
2026-07-10 16:45:15,454 - INFO -   - NEW VIDEO: DJI_20250224161625_0049_D.MP4 (1813882635 bytes)
2026-07-10 16:45:15,461 - INFO -   - NEW VIDEO: DJI_20250227103952_0050_D.MP4 (129117868 bytes)
2026-07-10 16:45:15,468 - INFO -   - NEW VIDEO: DJI_20250227104007_0051_D.MP4 (125098501 bytes)
2026-07-10 16:45:15,473 - INFO -   - NEW VIDEO: DJI_20250227104143_0052_D.MP4 (189334985 bytes)
2026-07-10 16:45:15,478 - INFO -   - NEW VIDEO: DJI_20250227104250_0053_D.MP4 (402980212 bytes)
2026-07-10 16:45:15,483 - INFO -   - NEW VIDEO: DJI_20250227132924_0054_D.MP4 (1889349395 bytes)
2026-07-10 16:45:15,488 - INFO -   - NEW VIDEO: DJI_20250316190841_0059_D.MP4 (106729856 bytes)
2026-07-10 16:45:15,492 - INFO -   -> Found 41 other file(s)
2026-07-10 16:45:15,497 - INFO -   - NEW .SRT: DJI_20241021184007_0009_D.SRT
2026-07-10 16:45:15,502 - INFO -   - NEW .SRT: DJI_20241021184817_0010_D.SRT
2026-07-10 16:45:15,509 - INFO -   - NEW .SRT: DJI_20241022175323_0011_D.SRT
2026-07-10 16:45:15,513 - INFO -   - NEW .SRT: DJI_20241023192256_0012_D.SRT
2026-07-10 16:45:15,518 - INFO -   - NEW .SRT: DJI_20241031154259_0013_D.SRT
2026-07-10 16:45:15,523 - INFO -   - NEW .SRT: DJI_20241031155619_0016_D.SRT
2026-07-10 16:45:15,527 - INFO -   - NEW .SRT: DJI_20241101145911_0017_D.SRT
2026-07-10 16:45:15,532 - INFO -   - NEW .SRT: DJI_20241101150718_0018_D.SRT
2026-07-10 16:45:15,539 - INFO -   - NEW .SRT: DJI_20241101150846_0019_D.SRT
2026-07-10 16:45:15,544 - INFO -   - NEW .SRT: DJI_20241101172608_0020_D.SRT
2026-07-10 16:45:15,548 - INFO -   - NEW .SRT: DJI_20250123190451_0021_D.SRT
2026-07-10 16:45:15,553 - INFO -   - NEW .SRT: DJI_20250204085840_0022_D.SRT
2026-07-10 16:45:15,557 - INFO -   - NEW .SRT: DJI_20250204085946_0023_D.SRT
2026-07-10 16:45:15,562 - INFO -   - NEW .SRT: DJI_20250204130943_0024_D.SRT
2026-07-10 16:45:15,567 - INFO -   - NEW .SRT: DJI_20250204131013_0025_D.SRT
2026-07-10 16:45:15,572 - INFO -   - NEW .SRT: DJI_20250204131113_0026_D.SRT
2026-07-10 16:45:15,577 - INFO -   - NEW .SRT: DJI_20250204131124_0027_D.SRT
2026-07-10 16:45:15,584 - INFO -   - NEW .SRT: DJI_20250205053922_0028_D.SRT
2026-07-10 16:45:15,588 - INFO -   - NEW .SRT: DJI_20250205053936_0029_D.SRT
2026-07-10 16:45:15,593 - INFO -   - NEW .SRT: DJI_20250205083258_0030_D.SRT
2026-07-10 16:45:15,598 - INFO -   - NEW .SRT: DJI_20250205083442_0031_D.SRT
2026-07-10 16:45:15,604 - INFO -   - NEW .SRT: DJI_20250205083628_0032_D.SRT
2026-07-10 16:45:15,610 - INFO -   - NEW .SRT: DJI_20250205083753_0033_D.SRT
2026-07-10 16:45:15,615 - INFO -   - NEW .SRT: DJI_20250205084016_0034_D.SRT
2026-07-10 16:45:15,620 - INFO -   - NEW .SRT: DJI_20250205084211_0035_D.SRT
2026-07-10 16:45:15,624 - INFO -   - NEW .SRT: DJI_20250205084334_0036_D.SRT
2026-07-10 16:45:15,629 - INFO -   - NEW .SRT: DJI_20250206102708_0040_D.SRT
2026-07-10 16:45:15,636 - INFO -   - NEW .SRT: DJI_20250207133012_0041_D.SRT
2026-07-10 16:45:15,640 - INFO -   - NEW .SRT: DJI_20250208073042_0042_D.SRT
2026-07-10 16:45:15,645 - INFO -   - NEW .SRT: DJI_20250222110646_0044_D.SRT
2026-07-10 16:45:15,650 - INFO -   - NEW .SRT: DJI_20250224083404_0045_D.SRT
2026-07-10 16:45:15,657 - INFO -   - NEW .SRT: DJI_20250224083443_0046_D.SRT
2026-07-10 16:45:15,662 - INFO -   - NEW .SRT: DJI_20250224160624_0047_D.SRT
2026-07-10 16:45:15,669 - INFO -   - NEW .SRT: DJI_20250224161401_0048_D.SRT
2026-07-10 16:45:15,674 - INFO -   - NEW .SRT: DJI_20250224161625_0049_D.SRT
2026-07-10 16:45:15,680 - INFO -   - NEW .SRT: DJI_20250227103952_0050_D.SRT
2026-07-10 16:45:15,685 - INFO -   - NEW .SRT: DJI_20250227104007_0051_D.SRT
2026-07-10 16:45:15,690 - INFO -   - NEW .SRT: DJI_20250227104143_0052_D.SRT
2026-07-10 16:45:15,694 - INFO -   - NEW .SRT: DJI_20250227104250_0053_D.SRT
2026-07-10 16:45:15,699 - INFO -   - NEW .SRT: DJI_20250227132924_0054_D.SRT
2026-07-10 16:45:15,704 - INFO -   - NEW .SRT: DJI_20250316190841_0059_D.SRT
2026-07-10 16:50:53,048 - INFO - Restored previous session. Watch Folder: D:/zzNew_Watch_Folder
2026-07-10 16:50:53,062 - INFO - Starting to monitor folder: D:/zzNew_Watch_Folder
